// Jest Snapshot v1, https://goo.gl/fbAQLP

exports[`should render admin page 1`] = `
<div>
  <div
    class="admin"
  >
    <div
      class="header"
    >
      <header>
        <a
          href="/dogs"
        >
           Home 
        </a>
        <a
          href="/admin"
        >
           Admin
        </a>
      </header>
    </div>
    <div
      class="form"
    >
      <h2>
        Add Dog Details
      </h2>
      <p />
      <div
        class="dog-form"
      >
        <label>
          Name
        </label>
        <input
          placeholder="name"
          type="text"
          value=""
        />
        <label>
          Bio:
        </label>
        <input
          placeholder="bio"
          type="text"
          value=""
        />
        <label>
          Age:
        </label>
        <input
          placeholder="age"
          type="text"
          value=""
        />
        <label>
          Image:
        </label>
        <input
          placeholder="image"
          type="text"
          value=""
        />
        <label>
          Breed:
        </label>
        <input
          placeholder="breed"
          type="text"
          value=""
        />
      </div>
      <div
        class="button"
      >
        <button>
          Save
        </button>
      </div>
    </div>
  </div>
</div>
`;
